TonyMaher = TonyMaher <TonyMaher@example.com>
ChrisPhillips = ChrisPhillips <ChrisPhillips@example.com>
GeoffreyCrew = GeoffreyCrew <GeoffreyCrew@example.com>
MichaelDutka = MichaelDutka <MichaelDutka@example.com>
CormacReynolds = CormacReynolds <CormacReynolds@example.com>
RandallWayth = RandallWayth <RandallWayth@example.com>
MatthiasBark = MatthiasBark <MatthiasBark@example.com>
NicolasPradel = NicolasPradel <NicolasPradel@example.com>
WalterAlef = WalterAlef <WalterAlef@example.com>
RogerCappallo = RogerCappallo <RogerCappallo@example.com>
CherieDay = CherieDay <CherieDay@example.com>
AdamDeller = AdamDeller <AdamDeller@example.com>
HelgeRottmann = HelgeRottmann <HelgeRottmann@example.com>
JanWagner = JanWagner <JanWagner@example.com>
JamesAnderson = JamesAnderson <JamesAnderson@example.com>
MarkWainright = MarkWainright <MarkWainright@example.com>
JimJacobs = JimJacobs <JimJacobs@example.com>
JohnBarrett = JohnBarrett <JohnBarrett@example.com>
MahmoudMahmoud = MahmoudMahmoud <MahmoudMahmoud@example.com>
ZhengMeyerZhao = ZhengMeyerZhao <ZhengMeyerZhao@example.com>
FredericJaron = FredericJaron <FredericJaron@example.com>
LeonidPetrov = LeonidPetrov <LeonidPetrov@example.com>
WalterBrisken = WalterBrisken <WalterBrisken@example.com>
JohnMorgan = JohnMorgan <JohnMorgan@example.com>
DavidGordon = DavidGordon <DavidGordon@example.com>
JohnSpitzak = JohnSpitzak <JohnSpitzak@example.com>
RichardDodson = RichardDodson <RichardDodson@example.com>
