TonyMaher = TonyMaher <TonyMaher@example.com>
ChrisPhillips = XhrisPhillips <Chris.Phillips@csiro.au>
GeoffreyCrew = gbcrew <gbc@haystack.mit.edu>
MichaelDutka = MichaelDutka <MichaelDutka@example.com>
CormacReynolds = CormacReynolds <Cormac.Reynolds@csiro.au>
RandallWayth = rbw42 <R.Wayth@curtin.edu.au>
MatthiasBark = MatthiasBark <MatthiasBark@example.com>
NicolasPradel = NicolasPradel <NicolasPradel@example.com>
WalterAlef = WalterAlef <WalterAlef@example.com>
RogerCappallo = RogerCappallo <RogerCappallo@example.com>
CherieDay = CherieDay <cday@swin.edu.au>
AdamDeller = adamdeller <adeller@swin.edu.au>
HelgeRottmann = HelgeRottmann <rottmann@mpifr-bonn.mpg.de>
JanWagner = jwagnerhki <jan.wagner@iki.fi>
JamesAnderson = JamesAnderson <JamesAnderson@example.com>
MarkWainright = MarkWainright <MarkWainright@example.com>
JimJacobs = JimJacobs <JimJacobs@example.com>
JohnBarrett = JohnBarrett <JohnBarrett@example.com>
MahmoudMahmoud = MahmoudMahmoud <MahmoudMahmoud@example.com>
ZhengMeyerZhao = ZhengMeyerZhao <ZhengMeyerZhao@example.com>
FredericJaron = FredericJaron <FredericJaron@example.com>
LeonidPetrov = LeonidPetrov <LeonidPetrov@example.com>
WalterBrisken = wbrisken <wbrisken@aoc.nrao.edu>
JohnMorgan = JohnMorgan <JohnMorgan@example.com>
DavidGordon = DavidGordon <DavidGordon@example.com>
JohnSpitzak = JohnSpitzak <JohnSpitzak@example.com>
RichardDodson = RichardDodson <RichardDodson@example.com>
